/Users/tangchen/Project/github/aevatar-gagents/src/Aevatar.GAgents.GroupChat/Aevatar.GAgents.GroupChat.csproj : warning NU1506: Duplicate 'PackageVersion' items found. Remove the duplicate items or use the Update functionality to ensure a consistent restore behavior. The duplicate 'PackageVersion' items are: Microsoft.Orleans.Client 9.0.1, Microsoft.Orleans.Client 8.1.0; Microsoft.Orleans.Core.Abstractions 9.0.1, Microsoft.Orleans.Core.Abstractions 8.1.0; Microsoft.Orleans.EventSourcing 9.0.1, Microsoft.Orleans.EventSourcing 8.1.0; Microsoft.Orleans.Serialization.Abstractions 9.0.1, Microsoft.Orleans.Serialization.Abstractions 8.1.0; Microsoft.Orleans.Reminders 9.0.1, Microsoft.Orleans.Reminders 8.1.0; Microsoft.Orleans.Runtime 9.0.1, Microsoft.Orleans.Runtime 8.1.0; Microsoft.Orleans.Sdk 9.0.1, Microsoft.Orleans.Sdk 8.1.0; Microsoft.Orleans.Server 9.0.1, Microsoft.Orleans.Server 8.1.0; Microsoft.Orleans.Streaming 9.0.1, Microsoft.Orleans.Streaming 8.1.0; Microsoft.Orleans.TestingHost 9.0.1, Microsoft.Orleans.TestingHost 8.1.0; Microsoft.Orleans.Core 9.0.1, Microsoft.Orleans.Core 8.1.0; Volo.Abp.AspNetCore.Mvc.UI.Theme.LeptonXLite 3.2.0, Volo.Abp.AspNetCore.Mvc.UI.Theme.LeptonXLite 3.1.4.
/Users/tangchen/Project/github/aevatar-gagents/src/Aevatar.GAgents.Basic/Aevatar.GAgents.Basic.csproj : warning NU1506: Duplicate 'PackageVersion' items found. Remove the duplicate items or use the Update functionality to ensure a consistent restore behavior. The duplicate 'PackageVersion' items are: Microsoft.Orleans.Client 9.0.1, Microsoft.Orleans.Client 8.1.0; Microsoft.Orleans.Core.Abstractions 9.0.1, Microsoft.Orleans.Core.Abstractions 8.1.0; Microsoft.Orleans.EventSourcing 9.0.1, Microsoft.Orleans.EventSourcing 8.1.0; Microsoft.Orleans.Serialization.Abstractions 9.0.1, Microsoft.Orleans.Serialization.Abstractions 8.1.0; Microsoft.Orleans.Reminders 9.0.1, Microsoft.Orleans.Reminders 8.1.0; Microsoft.Orleans.Runtime 9.0.1, Microsoft.Orleans.Runtime 8.1.0; Microsoft.Orleans.Sdk 9.0.1, Microsoft.Orleans.Sdk 8.1.0; Microsoft.Orleans.Server 9.0.1, Microsoft.Orleans.Server 8.1.0; Microsoft.Orleans.Streaming 9.0.1, Microsoft.Orleans.Streaming 8.1.0; Microsoft.Orleans.TestingHost 9.0.1, Microsoft.Orleans.TestingHost 8.1.0; Microsoft.Orleans.Core 9.0.1, Microsoft.Orleans.Core 8.1.0; Volo.Abp.AspNetCore.Mvc.UI.Theme.LeptonXLite 3.2.0, Volo.Abp.AspNetCore.Mvc.UI.Theme.LeptonXLite 3.1.4.
/Users/tangchen/Project/github/aevatar-gagents/src/Aevatar.GAgents.AIGAgent/Aevatar.GAgents.AIGAgent.csproj : warning NU1506: Duplicate 'PackageVersion' items found. Remove the duplicate items or use the Update functionality to ensure a consistent restore behavior. The duplicate 'PackageVersion' items are: Microsoft.Orleans.Client 9.0.1, Microsoft.Orleans.Client 8.1.0; Microsoft.Orleans.Core.Abstractions 9.0.1, Microsoft.Orleans.Core.Abstractions 8.1.0; Microsoft.Orleans.EventSourcing 9.0.1, Microsoft.Orleans.EventSourcing 8.1.0; Microsoft.Orleans.Serialization.Abstractions 9.0.1, Microsoft.Orleans.Serialization.Abstractions 8.1.0; Microsoft.Orleans.Reminders 9.0.1, Microsoft.Orleans.Reminders 8.1.0; Microsoft.Orleans.Runtime 9.0.1, Microsoft.Orleans.Runtime 8.1.0; Microsoft.Orleans.Sdk 9.0.1, Microsoft.Orleans.Sdk 8.1.0; Microsoft.Orleans.Server 9.0.1, Microsoft.Orleans.Server 8.1.0; Microsoft.Orleans.Streaming 9.0.1, Microsoft.Orleans.Streaming 8.1.0; Microsoft.Orleans.TestingHost 9.0.1, Microsoft.Orleans.TestingHost 8.1.0; Microsoft.Orleans.Core 9.0.1, Microsoft.Orleans.Core 8.1.0; Volo.Abp.AspNetCore.Mvc.UI.Theme.LeptonXLite 3.2.0, Volo.Abp.AspNetCore.Mvc.UI.Theme.LeptonXLite 3.1.4.
/Users/tangchen/Project/github/aevatar-gagents/simples/SimpleAIWorkflow/SimpleAIWorkflow.Grains/SimpleAIWorkflow.Grains.csproj : warning NU1506: Duplicate 'PackageVersion' items found. Remove the duplicate items or use the Update functionality to ensure a consistent restore behavior. The duplicate 'PackageVersion' items are: Microsoft.Orleans.Client 9.0.1, Microsoft.Orleans.Client 8.1.0; Microsoft.Orleans.Core.Abstractions 9.0.1, Microsoft.Orleans.Core.Abstractions 8.1.0; Microsoft.Orleans.EventSourcing 9.0.1, Microsoft.Orleans.EventSourcing 8.1.0; Microsoft.Orleans.Serialization.Abstractions 9.0.1, Microsoft.Orleans.Serialization.Abstractions 8.1.0; Microsoft.Orleans.Reminders 9.0.1, Microsoft.Orleans.Reminders 8.1.0; Microsoft.Orleans.Runtime 9.0.1, Microsoft.Orleans.Runtime 8.1.0; Microsoft.Orleans.Sdk 9.0.1, Microsoft.Orleans.Sdk 8.1.0; Microsoft.Orleans.Server 9.0.1, Microsoft.Orleans.Server 8.1.0; Microsoft.Orleans.Streaming 9.0.1, Microsoft.Orleans.Streaming 8.1.0; Microsoft.Orleans.TestingHost 9.0.1, Microsoft.Orleans.TestingHost 8.1.0; Microsoft.Orleans.Core 9.0.1, Microsoft.Orleans.Core 8.1.0; Volo.Abp.AspNetCore.Mvc.UI.Theme.LeptonXLite 3.2.0, Volo.Abp.AspNetCore.Mvc.UI.Theme.LeptonXLite 3.1.4.
/Users/tangchen/Project/github/aevatar-gagents/src/Aevatar.GAgents.SemanticKernel/Aevatar.GAgents.SemanticKernel.csproj : warning NU1506: Duplicate 'PackageVersion' items found. Remove the duplicate items or use the Update functionality to ensure a consistent restore behavior. The duplicate 'PackageVersion' items are: Microsoft.Orleans.Client 9.0.1, Microsoft.Orleans.Client 8.1.0; Microsoft.Orleans.Core.Abstractions 9.0.1, Microsoft.Orleans.Core.Abstractions 8.1.0; Microsoft.Orleans.EventSourcing 9.0.1, Microsoft.Orleans.EventSourcing 8.1.0; Microsoft.Orleans.Serialization.Abstractions 9.0.1, Microsoft.Orleans.Serialization.Abstractions 8.1.0; Microsoft.Orleans.Reminders 9.0.1, Microsoft.Orleans.Reminders 8.1.0; Microsoft.Orleans.Runtime 9.0.1, Microsoft.Orleans.Runtime 8.1.0; Microsoft.Orleans.Sdk 9.0.1, Microsoft.Orleans.Sdk 8.1.0; Microsoft.Orleans.Server 9.0.1, Microsoft.Orleans.Server 8.1.0; Microsoft.Orleans.Streaming 9.0.1, Microsoft.Orleans.Streaming 8.1.0; Microsoft.Orleans.TestingHost 9.0.1, Microsoft.Orleans.TestingHost 8.1.0; Microsoft.Orleans.Core 9.0.1, Microsoft.Orleans.Core 8.1.0; Volo.Abp.AspNetCore.Mvc.UI.Theme.LeptonXLite 3.2.0, Volo.Abp.AspNetCore.Mvc.UI.Theme.LeptonXLite 3.1.4.
/Users/tangchen/Project/github/aevatar-gagents/src/Aevatar.GAgents.AI.Abstractions/Aevatar.GAgents.AI.Abstractions.csproj : warning NU1506: Duplicate 'PackageVersion' items found. Remove the duplicate items or use the Update functionality to ensure a consistent restore behavior. The duplicate 'PackageVersion' items are: Microsoft.Orleans.Client 9.0.1, Microsoft.Orleans.Client 8.1.0; Microsoft.Orleans.Core.Abstractions 9.0.1, Microsoft.Orleans.Core.Abstractions 8.1.0; Microsoft.Orleans.EventSourcing 9.0.1, Microsoft.Orleans.EventSourcing 8.1.0; Microsoft.Orleans.Serialization.Abstractions 9.0.1, Microsoft.Orleans.Serialization.Abstractions 8.1.0; Microsoft.Orleans.Reminders 9.0.1, Microsoft.Orleans.Reminders 8.1.0; Microsoft.Orleans.Runtime 9.0.1, Microsoft.Orleans.Runtime 8.1.0; Microsoft.Orleans.Sdk 9.0.1, Microsoft.Orleans.Sdk 8.1.0; Microsoft.Orleans.Server 9.0.1, Microsoft.Orleans.Server 8.1.0; Microsoft.Orleans.Streaming 9.0.1, Microsoft.Orleans.Streaming 8.1.0; Microsoft.Orleans.TestingHost 9.0.1, Microsoft.Orleans.TestingHost 8.1.0; Microsoft.Orleans.Core 9.0.1, Microsoft.Orleans.Core 8.1.0; Volo.Abp.AspNetCore.Mvc.UI.Theme.LeptonXLite 3.2.0, Volo.Abp.AspNetCore.Mvc.UI.Theme.LeptonXLite 3.1.4.
/Users/tangchen/Project/github/aevatar-gagents/simples/SimpleAIWorkflow/SimpleAIWorkflow.Client/SimpleAIWorkflow.Client.csproj : warning NU1506: Duplicate 'PackageVersion' items found. Remove the duplicate items or use the Update functionality to ensure a consistent restore behavior. The duplicate 'PackageVersion' items are: Microsoft.Orleans.Client 9.0.1, Microsoft.Orleans.Client 8.1.0; Microsoft.Orleans.Core.Abstractions 9.0.1, Microsoft.Orleans.Core.Abstractions 8.1.0; Microsoft.Orleans.EventSourcing 9.0.1, Microsoft.Orleans.EventSourcing 8.1.0; Microsoft.Orleans.Serialization.Abstractions 9.0.1, Microsoft.Orleans.Serialization.Abstractions 8.1.0; Microsoft.Orleans.Reminders 9.0.1, Microsoft.Orleans.Reminders 8.1.0; Microsoft.Orleans.Runtime 9.0.1, Microsoft.Orleans.Runtime 8.1.0; Microsoft.Orleans.Sdk 9.0.1, Microsoft.Orleans.Sdk 8.1.0; Microsoft.Orleans.Server 9.0.1, Microsoft.Orleans.Server 8.1.0; Microsoft.Orleans.Streaming 9.0.1, Microsoft.Orleans.Streaming 8.1.0; Microsoft.Orleans.TestingHost 9.0.1, Microsoft.Orleans.TestingHost 8.1.0; Microsoft.Orleans.Core 9.0.1, Microsoft.Orleans.Core 8.1.0; Volo.Abp.AspNetCore.Mvc.UI.Theme.LeptonXLite 3.2.0, Volo.Abp.AspNetCore.Mvc.UI.Theme.LeptonXLite 3.1.4.
/Users/tangchen/Project/github/aevatar-gagents/src/Aevatar.GAgents.AIGAgent/Aevatar.GAgents.AIGAgent.csproj : warning NU1603: Aevatar.GAgents.AIGAgent depends on Aevatar.Core (>= 1.5.0-alpha.6) but Aevatar.Core 1.5.0-alpha.6 was not found. Aevatar.Core 1.5.0-permission.0 was resolved instead. [/Users/tangchen/Project/github/aevatar-gagents/simples/SimpleAIWorkflow/SimpleAIWorkflow.Client/SimpleAIWorkflow.Client.csproj]
/Users/tangchen/Project/github/aevatar-gagents/src/Aevatar.GAgents.AI.Abstractions/Aevatar.GAgents.AI.Abstractions.csproj : warning NU1603: Aevatar.GAgents.AI.Abstractions depends on Aevatar.Core (>= 1.5.0-alpha.6) but Aevatar.Core 1.5.0-alpha.6 was not found. Aevatar.Core 1.5.0-permission.0 was resolved instead. [/Users/tangchen/Project/github/aevatar-gagents/simples/SimpleAIWorkflow/SimpleAIWorkflow.Client/SimpleAIWorkflow.Client.csproj]
/Users/tangchen/Project/github/aevatar-gagents/src/Aevatar.GAgents.Basic/Aevatar.GAgents.Basic.csproj : warning NU1603: Aevatar.GAgents.Basic depends on Aevatar.Core (>= 1.5.0-alpha.6) but Aevatar.Core 1.5.0-alpha.6 was not found. Aevatar.Core 1.5.0-permission.0 was resolved instead. [/Users/tangchen/Project/github/aevatar-gagents/simples/SimpleAIWorkflow/SimpleAIWorkflow.Client/SimpleAIWorkflow.Client.csproj]
/Users/tangchen/Project/github/aevatar-gagents/simples/SimpleAIWorkflow/SimpleAIWorkflow.Client/SimpleAIWorkflow.Client.csproj : warning NU1603: SimpleAIWorkflow.Client depends on Aevatar.Core (>= 1.5.0-alpha.6) but Aevatar.Core 1.5.0-alpha.6 was not found. Aevatar.Core 1.5.0-permission.0 was resolved instead.
/Users/tangchen/Project/github/aevatar-gagents/src/Aevatar.GAgents.AI.Abstractions/Aevatar.GAgents.AI.Abstractions.csproj : warning NU1603: Aevatar.Core 1.5.0-permission.0 depends on Aevatar.Core.Abstractions (>= 1.5.0-permission.0) but Aevatar.Core.Abstractions 1.5.0-permission.0 was not found. Aevatar.Core.Abstractions 1.5.0-permission.1 was resolved instead. [/Users/tangchen/Project/github/aevatar-gagents/simples/SimpleAIWorkflow/SimpleAIWorkflow.Client/SimpleAIWorkflow.Client.csproj]
/Users/tangchen/Project/github/aevatar-gagents/src/Aevatar.GAgents.AIGAgent/Aevatar.GAgents.AIGAgent.csproj : warning NU1603: Aevatar.GAgents.AIGAgent depends on Aevatar.Core.Abstractions (>= 1.5.0-alpha.6) but Aevatar.Core.Abstractions 1.5.0-alpha.6 was not found. Aevatar.Core.Abstractions 1.5.0-permission.1 was resolved instead. [/Users/tangchen/Project/github/aevatar-gagents/simples/SimpleAIWorkflow/SimpleAIWorkflow.Client/SimpleAIWorkflow.Client.csproj]
/Users/tangchen/Project/github/aevatar-gagents/src/Aevatar.GAgents.SemanticKernel/Aevatar.GAgents.SemanticKernel.csproj : warning NU1603: Aevatar.GAgents.AI.Abstractions depends on Aevatar.Core (>= 1.5.0-alpha.6) but Aevatar.Core 1.5.0-alpha.6 was not found. Aevatar.Core 1.5.0-permission.0 was resolved instead. [/Users/tangchen/Project/github/aevatar-gagents/simples/SimpleAIWorkflow/SimpleAIWorkflow.Client/SimpleAIWorkflow.Client.csproj]
/Users/tangchen/Project/github/aevatar-gagents/src/Aevatar.GAgents.AIGAgent/Aevatar.GAgents.AIGAgent.csproj : warning NU1603: Aevatar.GAgents.AIGAgent depends on Aevatar.EventSourcing.Core (>= 1.5.0-alpha.6) but Aevatar.EventSourcing.Core 1.5.0-alpha.6 was not found. Aevatar.EventSourcing.Core 1.5.0-permission.1 was resolved instead. [/Users/tangchen/Project/github/aevatar-gagents/simples/SimpleAIWorkflow/SimpleAIWorkflow.Client/SimpleAIWorkflow.Client.csproj]
/Users/tangchen/Project/github/aevatar-gagents/simples/SimpleAIWorkflow/SimpleAIWorkflow.Client/SimpleAIWorkflow.Client.csproj : warning NU1603: SimpleAIWorkflow.Client depends on Aevatar.Core.Abstractions (>= 1.5.0-alpha.6) but Aevatar.Core.Abstractions 1.5.0-alpha.6 was not found. Aevatar.Core.Abstractions 1.5.0-permission.1 was resolved instead.
/Users/tangchen/Project/github/aevatar-gagents/src/Aevatar.GAgents.SemanticKernel/Aevatar.GAgents.SemanticKernel.csproj : warning NU1603: Aevatar.Core 1.5.0-permission.0 depends on Aevatar.Core.Abstractions (>= 1.5.0-permission.0) but Aevatar.Core.Abstractions 1.5.0-permission.0 was not found. Aevatar.Core.Abstractions 1.5.0-permission.1 was resolved instead. [/Users/tangchen/Project/github/aevatar-gagents/simples/SimpleAIWorkflow/SimpleAIWorkflow.Client/SimpleAIWorkflow.Client.csproj]
/Users/tangchen/Project/github/aevatar-gagents/simples/SimpleAIWorkflow/SimpleAIWorkflow.Client/SimpleAIWorkflow.Client.csproj : warning NU1603: Aevatar.GAgents.AIGAgent depends on Aevatar.EventSourcing.Core (>= 1.5.0-alpha.6) but Aevatar.EventSourcing.Core 1.5.0-alpha.6 was not found. Aevatar.EventSourcing.Core 1.5.0-permission.1 was resolved instead.
/Users/tangchen/Project/github/aevatar-gagents/simples/SimpleAIWorkflow/SimpleAIWorkflow.Grains/SimpleAIWorkflow.Grains.csproj : warning NU1603: SimpleAIWorkflow.Grains depends on Aevatar.Core (>= 1.5.0-alpha.6) but Aevatar.Core 1.5.0-alpha.6 was not found. Aevatar.Core 1.5.0-permission.0 was resolved instead. [/Users/tangchen/Project/github/aevatar-gagents/simples/SimpleAIWorkflow/SimpleAIWorkflow.Client/SimpleAIWorkflow.Client.csproj]
/Users/tangchen/Project/github/aevatar-gagents/src/Aevatar.GAgents.GroupChat/Aevatar.GAgents.GroupChat.csproj : warning NU1603: Aevatar.GAgents.GroupChat depends on Aevatar.Core (>= 1.5.0-alpha.6) but Aevatar.Core 1.5.0-alpha.6 was not found. Aevatar.Core 1.5.0-permission.0 was resolved instead. [/Users/tangchen/Project/github/aevatar-gagents/simples/SimpleAIWorkflow/SimpleAIWorkflow.Client/SimpleAIWorkflow.Client.csproj]
/Users/tangchen/Project/github/aevatar-gagents/simples/SimpleAIWorkflow/SimpleAIWorkflow.Grains/SimpleAIWorkflow.Grains.csproj : warning NU1603: SimpleAIWorkflow.Grains depends on Aevatar.Core.Abstractions (>= 1.5.0-alpha.6) but Aevatar.Core.Abstractions 1.5.0-alpha.6 was not found. Aevatar.Core.Abstractions 1.5.0-permission.1 was resolved instead. [/Users/tangchen/Project/github/aevatar-gagents/simples/SimpleAIWorkflow/SimpleAIWorkflow.Client/SimpleAIWorkflow.Client.csproj]
/Users/tangchen/Project/github/aevatar-gagents/simples/SimpleAIWorkflow/SimpleAIWorkflow.Grains/SimpleAIWorkflow.Grains.csproj : warning NU1603: Aevatar.GAgents.AIGAgent depends on Aevatar.EventSourcing.Core (>= 1.5.0-alpha.6) but Aevatar.EventSourcing.Core 1.5.0-alpha.6 was not found. Aevatar.EventSourcing.Core 1.5.0-permission.1 was resolved instead. [/Users/tangchen/Project/github/aevatar-gagents/simples/SimpleAIWorkflow/SimpleAIWorkflow.Client/SimpleAIWorkflow.Client.csproj]
/Users/tangchen/Project/github/aevatar-gagents/src/Aevatar.GAgents.GroupChat/Aevatar.GAgents.GroupChat.csproj : warning NU1603: Aevatar.Core 1.5.0-permission.0 depends on Aevatar.Core.Abstractions (>= 1.5.0-permission.0) but Aevatar.Core.Abstractions 1.5.0-permission.0 was not found. Aevatar.Core.Abstractions 1.5.0-permission.1 was resolved instead. [/Users/tangchen/Project/github/aevatar-gagents/simples/SimpleAIWorkflow/SimpleAIWorkflow.Client/SimpleAIWorkflow.Client.csproj]
/Users/tangchen/Project/github/aevatar-gagents/src/Aevatar.GAgents.GroupChat/Aevatar.GAgents.GroupChat.csproj : warning NU1603: Aevatar.GAgents.AIGAgent depends on Aevatar.EventSourcing.Core (>= 1.5.0-alpha.6) but Aevatar.EventSourcing.Core 1.5.0-alpha.6 was not found. Aevatar.EventSourcing.Core 1.5.0-permission.1 was resolved instead. [/Users/tangchen/Project/github/aevatar-gagents/simples/SimpleAIWorkflow/SimpleAIWorkflow.Client/SimpleAIWorkflow.Client.csproj]
/Users/tangchen/Project/github/aevatar-gagents/src/Aevatar.GAgents.Basic/Aevatar.GAgents.Basic.csproj : warning NU1603: Aevatar.GAgents.Basic depends on Aevatar.Core.Abstractions (>= 1.5.0-alpha.6) but Aevatar.Core.Abstractions 1.5.0-alpha.6 was not found. Aevatar.Core.Abstractions 1.5.0-permission.1 was resolved instead. [/Users/tangchen/Project/github/aevatar-gagents/simples/SimpleAIWorkflow/SimpleAIWorkflow.Client/SimpleAIWorkflow.Client.csproj]
/Users/tangchen/Project/github/aevatar-gagents/simples/SimpleAIWorkflow/SimpleAIWorkflow.Client/SimpleAIWorkflow.Client.csproj : warning NU1603: SimpleAIWorkflow.Client depends on Aevatar.Core (>= 1.5.0-alpha.6) but Aevatar.Core 1.5.0-alpha.6 was not found. Aevatar.Core 1.5.0-permission.0 was resolved instead.
/Users/tangchen/Project/github/aevatar-gagents/simples/SimpleAIWorkflow/SimpleAIWorkflow.Client/SimpleAIWorkflow.Client.csproj : warning NU1603: SimpleAIWorkflow.Client depends on Aevatar.Core.Abstractions (>= 1.5.0-alpha.6) but Aevatar.Core.Abstractions 1.5.0-alpha.6 was not found. Aevatar.Core.Abstractions 1.5.0-permission.1 was resolved instead.
/Users/tangchen/Project/github/aevatar-gagents/simples/SimpleAIWorkflow/SimpleAIWorkflow.Client/SimpleAIWorkflow.Client.csproj : warning NU1603: Aevatar.GAgents.AIGAgent depends on Aevatar.EventSourcing.Core (>= 1.5.0-alpha.6) but Aevatar.EventSourcing.Core 1.5.0-alpha.6 was not found. Aevatar.EventSourcing.Core 1.5.0-permission.1 was resolved instead.
/Users/tangchen/Project/github/aevatar-gagents/src/Aevatar.GAgents.Basic/Aevatar.GAgents.Basic.csproj : warning NU1603: Aevatar.GAgents.Basic depends on Aevatar.Core (>= 1.5.0-alpha.6) but Aevatar.Core 1.5.0-alpha.6 was not found. Aevatar.Core 1.5.0-permission.0 was resolved instead.
/Users/tangchen/Project/github/aevatar-gagents/src/Aevatar.GAgents.Basic/Aevatar.GAgents.Basic.csproj : warning NU1603: Aevatar.GAgents.Basic depends on Aevatar.Core.Abstractions (>= 1.5.0-alpha.6) but Aevatar.Core.Abstractions 1.5.0-alpha.6 was not found. Aevatar.Core.Abstractions 1.5.0-permission.1 was resolved instead.
/Users/tangchen/Project/github/aevatar-gagents/simples/SimpleAIWorkflow/SimpleAIWorkflow.Grains/SimpleAIWorkflow.Grains.csproj : warning NU1603: SimpleAIWorkflow.Grains depends on Aevatar.Core (>= 1.5.0-alpha.6) but Aevatar.Core 1.5.0-alpha.6 was not found. Aevatar.Core 1.5.0-permission.0 was resolved instead.
/Users/tangchen/Project/github/aevatar-gagents/simples/SimpleAIWorkflow/SimpleAIWorkflow.Grains/SimpleAIWorkflow.Grains.csproj : warning NU1603: SimpleAIWorkflow.Grains depends on Aevatar.Core.Abstractions (>= 1.5.0-alpha.6) but Aevatar.Core.Abstractions 1.5.0-alpha.6 was not found. Aevatar.Core.Abstractions 1.5.0-permission.1 was resolved instead.
/Users/tangchen/Project/github/aevatar-gagents/simples/SimpleAIWorkflow/SimpleAIWorkflow.Grains/SimpleAIWorkflow.Grains.csproj : warning NU1603: Aevatar.GAgents.AIGAgent depends on Aevatar.EventSourcing.Core (>= 1.5.0-alpha.6) but Aevatar.EventSourcing.Core 1.5.0-alpha.6 was not found. Aevatar.EventSourcing.Core 1.5.0-permission.1 was resolved instead.
/Users/tangchen/Project/github/aevatar-gagents/src/Aevatar.GAgents.GroupChat/Aevatar.GAgents.GroupChat.csproj : warning NU1603: Aevatar.GAgents.GroupChat depends on Aevatar.Core (>= 1.5.0-alpha.6) but Aevatar.Core 1.5.0-alpha.6 was not found. Aevatar.Core 1.5.0-permission.0 was resolved instead.
/Users/tangchen/Project/github/aevatar-gagents/src/Aevatar.GAgents.GroupChat/Aevatar.GAgents.GroupChat.csproj : warning NU1603: Aevatar.Core 1.5.0-permission.0 depends on Aevatar.Core.Abstractions (>= 1.5.0-permission.0) but Aevatar.Core.Abstractions 1.5.0-permission.0 was not found. Aevatar.Core.Abstractions 1.5.0-permission.1 was resolved instead.
/Users/tangchen/Project/github/aevatar-gagents/src/Aevatar.GAgents.GroupChat/Aevatar.GAgents.GroupChat.csproj : warning NU1603: Aevatar.GAgents.AIGAgent depends on Aevatar.EventSourcing.Core (>= 1.5.0-alpha.6) but Aevatar.EventSourcing.Core 1.5.0-alpha.6 was not found. Aevatar.EventSourcing.Core 1.5.0-permission.1 was resolved instead.
/Users/tangchen/Project/github/aevatar-gagents/src/Aevatar.GAgents.AIGAgent/Aevatar.GAgents.AIGAgent.csproj : warning NU1603: Aevatar.GAgents.AIGAgent depends on Aevatar.Core (>= 1.5.0-alpha.6) but Aevatar.Core 1.5.0-alpha.6 was not found. Aevatar.Core 1.5.0-permission.0 was resolved instead.
/Users/tangchen/Project/github/aevatar-gagents/src/Aevatar.GAgents.AIGAgent/Aevatar.GAgents.AIGAgent.csproj : warning NU1603: Aevatar.GAgents.AIGAgent depends on Aevatar.Core.Abstractions (>= 1.5.0-alpha.6) but Aevatar.Core.Abstractions 1.5.0-alpha.6 was not found. Aevatar.Core.Abstractions 1.5.0-permission.1 was resolved instead.
/Users/tangchen/Project/github/aevatar-gagents/src/Aevatar.GAgents.AIGAgent/Aevatar.GAgents.AIGAgent.csproj : warning NU1603: Aevatar.GAgents.AIGAgent depends on Aevatar.EventSourcing.Core (>= 1.5.0-alpha.6) but Aevatar.EventSourcing.Core 1.5.0-alpha.6 was not found. Aevatar.EventSourcing.Core 1.5.0-permission.1 was resolved instead.
/Users/tangchen/Project/github/aevatar-gagents/src/Aevatar.GAgents.SemanticKernel/Aevatar.GAgents.SemanticKernel.csproj : warning NU1603: Aevatar.GAgents.AI.Abstractions depends on Aevatar.Core (>= 1.5.0-alpha.6) but Aevatar.Core 1.5.0-alpha.6 was not found. Aevatar.Core 1.5.0-permission.0 was resolved instead.
/Users/tangchen/Project/github/aevatar-gagents/src/Aevatar.GAgents.SemanticKernel/Aevatar.GAgents.SemanticKernel.csproj : warning NU1603: Aevatar.Core 1.5.0-permission.0 depends on Aevatar.Core.Abstractions (>= 1.5.0-permission.0) but Aevatar.Core.Abstractions 1.5.0-permission.0 was not found. Aevatar.Core.Abstractions 1.5.0-permission.1 was resolved instead.
/Users/tangchen/Project/github/aevatar-gagents/src/Aevatar.GAgents.AI.Abstractions/Aevatar.GAgents.AI.Abstractions.csproj : warning NU1603: Aevatar.GAgents.AI.Abstractions depends on Aevatar.Core (>= 1.5.0-alpha.6) but Aevatar.Core 1.5.0-alpha.6 was not found. Aevatar.Core 1.5.0-permission.0 was resolved instead.
/Users/tangchen/Project/github/aevatar-gagents/src/Aevatar.GAgents.AI.Abstractions/Aevatar.GAgents.AI.Abstractions.csproj : warning NU1603: Aevatar.Core 1.5.0-permission.0 depends on Aevatar.Core.Abstractions (>= 1.5.0-permission.0) but Aevatar.Core.Abstractions 1.5.0-permission.0 was not found. Aevatar.Core.Abstractions 1.5.0-permission.1 was resolved instead.
==== I'm HyperEcho, SimpleAIWorkflow Client Starting ====
info: Orleans.OutsideRuntimeClient[100314]
      Starting Orleans client with runtime version "9.0.1. Commit Hash: b21af2404cf2f64f69054f9cbf2d6228ce605d3e+b21af2404cf2f64f69054f9cbf2d6228ce605d3e (Release).", local address C10.8.0.21:0:-109332291 and client id sys.client/77545ec4fe6f4ec48c2059639c3ccc83
info: Orleans.Messaging.GatewayManager[101309]
      Found 1 gateways: [gwy.tcp://127.0.0.1:30000/0]
info: Orleans.Runtime.Messaging.NetworkingTrace[0]
      Establishing connection to endpoint S127.0.0.1:30000:0
info: Orleans.Runtime.Messaging.NetworkingTrace[0]
      Connected to endpoint S127.0.0.1:30000:0
info: Orleans.Runtime.Messaging.NetworkingTrace[0]
      Established connection to S127.0.0.1:11111:109329758 with protocol version Version1
info: Orleans.Runtime.Messaging.NetworkingTrace[0]
      Connection [Local: 127.0.0.1:58403, Remote: 127.0.0.1:30000, ConnectionId: 0HNDF32TO932F] established with S127.0.0.1:30000:0
info: Orleans.OutsideRuntimeClient[100929]
      Started client with address [GrainAddress GrainId sys.client/77545ec4fe6f4ec48c2059639c3ccc83, ActivationId: @ed760f8cfe754402aaca118b874b5388, SiloAddress: C10.8.0.21:0:-109332291] and id sys.client/77545ec4fe6f4ec48c2059639c3ccc83
info: Orleans.ClientOptionsLogger[0]
      Configuration Orleans.Configuration.ClientMessagingOptions: 
      ClientSenderBuckets: 8192
      PreferredFamily: InterNetwork
      NetworkInterfaceName: 
      LocalAddress: 
      ResponseTimeout: 00:00:30
      ResponseTimeoutWithDebugger: 00:30:00
      DropExpiredMessages: True
      MaxMessageHeaderSize: 10485760
      MaxMessageBodySize: 104857600
      
info: Orleans.ClientOptionsLogger[0]
      Configuration Orleans.Configuration.ClusterOptions: 
      ClusterId: default
      ServiceId: default
      
info: Orleans.ClientOptionsLogger[0]
      Configuration Orleans.Configuration.ConnectionOptions: 
      ProtocolVersion: Version1
      ConnectionsPerEndpoint: 1
      ConnectionRetryDelay: 00:00:01
      OpenConnectionTimeout: 00:00:05
      
info: Orleans.ClientOptionsLogger[0]
      Configuration Orleans.Configuration.StaticGatewayListProviderOptions: 
      Gateways.0: gwy.tcp://127.0.0.1:30000/0
      
info: Microsoft.Hosting.Lifetime[0]
      Application started. Press Ctrl+C to shut down.
info: Microsoft.Hosting.Lifetime[0]
      Hosting environment: Production
info: Microsoft.Hosting.Lifetime[0]
      Content root path: /Users/tangchen/Project/github/aevatar-gagents
