/Users/tangchen/Project/github/aevatar-gagents/src/Aevatar.GAgents.SemanticKernel/Aevatar.GAgents.SemanticKernel.csproj : warning NU1506: Duplicate 'PackageVersion' items found. Remove the duplicate items or use the Update functionality to ensure a consistent restore behavior. The duplicate 'PackageVersion' items are: Microsoft.Orleans.Client 9.0.1, Microsoft.Orleans.Client 8.1.0; Microsoft.Orleans.Core.Abstractions 9.0.1, Microsoft.Orleans.Core.Abstractions 8.1.0; Microsoft.Orleans.EventSourcing 9.0.1, Microsoft.Orleans.EventSourcing 8.1.0; Microsoft.Orleans.Serialization.Abstractions 9.0.1, Microsoft.Orleans.Serialization.Abstractions 8.1.0; Microsoft.Orleans.Reminders 9.0.1, Microsoft.Orleans.Reminders 8.1.0; Microsoft.Orleans.Runtime 9.0.1, Microsoft.Orleans.Runtime 8.1.0; Microsoft.Orleans.Sdk 9.0.1, Microsoft.Orleans.Sdk 8.1.0; Microsoft.Orleans.Server 9.0.1, Microsoft.Orleans.Server 8.1.0; Microsoft.Orleans.Streaming 9.0.1, Microsoft.Orleans.Streaming 8.1.0; Microsoft.Orleans.TestingHost 9.0.1, Microsoft.Orleans.TestingHost 8.1.0; Microsoft.Orleans.Core 9.0.1, Microsoft.Orleans.Core 8.1.0; Volo.Abp.AspNetCore.Mvc.UI.Theme.LeptonXLite 3.2.0, Volo.Abp.AspNetCore.Mvc.UI.Theme.LeptonXLite 3.1.4.
/Users/tangchen/Project/github/aevatar-gagents/simples/SimpleAIWorkflow/SimpleAIWorkflow.Grains/SimpleAIWorkflow.Grains.csproj : warning NU1506: Duplicate 'PackageVersion' items found. Remove the duplicate items or use the Update functionality to ensure a consistent restore behavior. The duplicate 'PackageVersion' items are: Microsoft.Orleans.Client 9.0.1, Microsoft.Orleans.Client 8.1.0; Microsoft.Orleans.Core.Abstractions 9.0.1, Microsoft.Orleans.Core.Abstractions 8.1.0; Microsoft.Orleans.EventSourcing 9.0.1, Microsoft.Orleans.EventSourcing 8.1.0; Microsoft.Orleans.Serialization.Abstractions 9.0.1, Microsoft.Orleans.Serialization.Abstractions 8.1.0; Microsoft.Orleans.Reminders 9.0.1, Microsoft.Orleans.Reminders 8.1.0; Microsoft.Orleans.Runtime 9.0.1, Microsoft.Orleans.Runtime 8.1.0; Microsoft.Orleans.Sdk 9.0.1, Microsoft.Orleans.Sdk 8.1.0; Microsoft.Orleans.Server 9.0.1, Microsoft.Orleans.Server 8.1.0; Microsoft.Orleans.Streaming 9.0.1, Microsoft.Orleans.Streaming 8.1.0; Microsoft.Orleans.TestingHost 9.0.1, Microsoft.Orleans.TestingHost 8.1.0; Microsoft.Orleans.Core 9.0.1, Microsoft.Orleans.Core 8.1.0; Volo.Abp.AspNetCore.Mvc.UI.Theme.LeptonXLite 3.2.0, Volo.Abp.AspNetCore.Mvc.UI.Theme.LeptonXLite 3.1.4.
/Users/tangchen/Project/github/aevatar-gagents/src/Aevatar.GAgents.AIGAgent/Aevatar.GAgents.AIGAgent.csproj : warning NU1506: Duplicate 'PackageVersion' items found. Remove the duplicate items or use the Update functionality to ensure a consistent restore behavior. The duplicate 'PackageVersion' items are: Microsoft.Orleans.Client 9.0.1, Microsoft.Orleans.Client 8.1.0; Microsoft.Orleans.Core.Abstractions 9.0.1, Microsoft.Orleans.Core.Abstractions 8.1.0; Microsoft.Orleans.EventSourcing 9.0.1, Microsoft.Orleans.EventSourcing 8.1.0; Microsoft.Orleans.Serialization.Abstractions 9.0.1, Microsoft.Orleans.Serialization.Abstractions 8.1.0; Microsoft.Orleans.Reminders 9.0.1, Microsoft.Orleans.Reminders 8.1.0; Microsoft.Orleans.Runtime 9.0.1, Microsoft.Orleans.Runtime 8.1.0; Microsoft.Orleans.Sdk 9.0.1, Microsoft.Orleans.Sdk 8.1.0; Microsoft.Orleans.Server 9.0.1, Microsoft.Orleans.Server 8.1.0; Microsoft.Orleans.Streaming 9.0.1, Microsoft.Orleans.Streaming 8.1.0; Microsoft.Orleans.TestingHost 9.0.1, Microsoft.Orleans.TestingHost 8.1.0; Microsoft.Orleans.Core 9.0.1, Microsoft.Orleans.Core 8.1.0; Volo.Abp.AspNetCore.Mvc.UI.Theme.LeptonXLite 3.2.0, Volo.Abp.AspNetCore.Mvc.UI.Theme.LeptonXLite 3.1.4.
/Users/tangchen/Project/github/aevatar-gagents/src/Aevatar.GAgents.AI.Abstractions/Aevatar.GAgents.AI.Abstractions.csproj : warning NU1506: Duplicate 'PackageVersion' items found. Remove the duplicate items or use the Update functionality to ensure a consistent restore behavior. The duplicate 'PackageVersion' items are: Microsoft.Orleans.Client 9.0.1, Microsoft.Orleans.Client 8.1.0; Microsoft.Orleans.Core.Abstractions 9.0.1, Microsoft.Orleans.Core.Abstractions 8.1.0; Microsoft.Orleans.EventSourcing 9.0.1, Microsoft.Orleans.EventSourcing 8.1.0; Microsoft.Orleans.Serialization.Abstractions 9.0.1, Microsoft.Orleans.Serialization.Abstractions 8.1.0; Microsoft.Orleans.Reminders 9.0.1, Microsoft.Orleans.Reminders 8.1.0; Microsoft.Orleans.Runtime 9.0.1, Microsoft.Orleans.Runtime 8.1.0; Microsoft.Orleans.Sdk 9.0.1, Microsoft.Orleans.Sdk 8.1.0; Microsoft.Orleans.Server 9.0.1, Microsoft.Orleans.Server 8.1.0; Microsoft.Orleans.Streaming 9.0.1, Microsoft.Orleans.Streaming 8.1.0; Microsoft.Orleans.TestingHost 9.0.1, Microsoft.Orleans.TestingHost 8.1.0; Microsoft.Orleans.Core 9.0.1, Microsoft.Orleans.Core 8.1.0; Volo.Abp.AspNetCore.Mvc.UI.Theme.LeptonXLite 3.2.0, Volo.Abp.AspNetCore.Mvc.UI.Theme.LeptonXLite 3.1.4.
/Users/tangchen/Project/github/aevatar-gagents/simples/SimpleAIWorkflow/SimpleAIWorkflow.Silo/SimpleAIWorkflow.Silo.csproj : warning NU1506: Duplicate 'PackageVersion' items found. Remove the duplicate items or use the Update functionality to ensure a consistent restore behavior. The duplicate 'PackageVersion' items are: Microsoft.Orleans.Client 9.0.1, Microsoft.Orleans.Client 8.1.0; Microsoft.Orleans.Core.Abstractions 9.0.1, Microsoft.Orleans.Core.Abstractions 8.1.0; Microsoft.Orleans.EventSourcing 9.0.1, Microsoft.Orleans.EventSourcing 8.1.0; Microsoft.Orleans.Serialization.Abstractions 9.0.1, Microsoft.Orleans.Serialization.Abstractions 8.1.0; Microsoft.Orleans.Reminders 9.0.1, Microsoft.Orleans.Reminders 8.1.0; Microsoft.Orleans.Runtime 9.0.1, Microsoft.Orleans.Runtime 8.1.0; Microsoft.Orleans.Sdk 9.0.1, Microsoft.Orleans.Sdk 8.1.0; Microsoft.Orleans.Server 9.0.1, Microsoft.Orleans.Server 8.1.0; Microsoft.Orleans.Streaming 9.0.1, Microsoft.Orleans.Streaming 8.1.0; Microsoft.Orleans.TestingHost 9.0.1, Microsoft.Orleans.TestingHost 8.1.0; Microsoft.Orleans.Core 9.0.1, Microsoft.Orleans.Core 8.1.0; Volo.Abp.AspNetCore.Mvc.UI.Theme.LeptonXLite 3.2.0, Volo.Abp.AspNetCore.Mvc.UI.Theme.LeptonXLite 3.1.4.
/Users/tangchen/Project/github/aevatar-gagents/src/Aevatar.GAgents.SemanticKernel/Aevatar.GAgents.SemanticKernel.csproj : warning NU1603: Aevatar.GAgents.AI.Abstractions depends on Aevatar.Core (>= 1.5.0-alpha.6) but Aevatar.Core 1.5.0-alpha.6 was not found. Aevatar.Core 1.5.0-permission.0 was resolved instead. [/Users/tangchen/Project/github/aevatar-gagents/simples/SimpleAIWorkflow/SimpleAIWorkflow.Silo/SimpleAIWorkflow.Silo.csproj]
/Users/tangchen/Project/github/aevatar-gagents/simples/SimpleAIWorkflow/SimpleAIWorkflow.Silo/SimpleAIWorkflow.Silo.csproj : warning NU1603: SimpleAIWorkflow.Silo depends on Aevatar.Core (>= 1.5.0-alpha.6) but Aevatar.Core 1.5.0-alpha.6 was not found. Aevatar.Core 1.5.0-permission.0 was resolved instead.
/Users/tangchen/Project/github/aevatar-gagents/simples/SimpleAIWorkflow/SimpleAIWorkflow.Grains/SimpleAIWorkflow.Grains.csproj : warning NU1603: SimpleAIWorkflow.Grains depends on Aevatar.Core (>= 1.5.0-alpha.6) but Aevatar.Core 1.5.0-alpha.6 was not found. Aevatar.Core 1.5.0-permission.0 was resolved instead. [/Users/tangchen/Project/github/aevatar-gagents/simples/SimpleAIWorkflow/SimpleAIWorkflow.Silo/SimpleAIWorkflow.Silo.csproj]
/Users/tangchen/Project/github/aevatar-gagents/src/Aevatar.GAgents.AIGAgent/Aevatar.GAgents.AIGAgent.csproj : warning NU1603: Aevatar.GAgents.AIGAgent depends on Aevatar.Core (>= 1.5.0-alpha.6) but Aevatar.Core 1.5.0-alpha.6 was not found. Aevatar.Core 1.5.0-permission.0 was resolved instead. [/Users/tangchen/Project/github/aevatar-gagents/simples/SimpleAIWorkflow/SimpleAIWorkflow.Silo/SimpleAIWorkflow.Silo.csproj]
/Users/tangchen/Project/github/aevatar-gagents/simples/SimpleAIWorkflow/SimpleAIWorkflow.Silo/SimpleAIWorkflow.Silo.csproj : warning NU1603: SimpleAIWorkflow.Silo depends on Aevatar.Core.Abstractions (>= 1.5.0-alpha.6) but Aevatar.Core.Abstractions 1.5.0-alpha.6 was not found. Aevatar.Core.Abstractions 1.5.0-permission.1 was resolved instead.
/Users/tangchen/Project/github/aevatar-gagents/src/Aevatar.GAgents.AIGAgent/Aevatar.GAgents.AIGAgent.csproj : warning NU1603: Aevatar.GAgents.AIGAgent depends on Aevatar.Core.Abstractions (>= 1.5.0-alpha.6) but Aevatar.Core.Abstractions 1.5.0-alpha.6 was not found. Aevatar.Core.Abstractions 1.5.0-permission.1 was resolved instead. [/Users/tangchen/Project/github/aevatar-gagents/simples/SimpleAIWorkflow/SimpleAIWorkflow.Silo/SimpleAIWorkflow.Silo.csproj]
/Users/tangchen/Project/github/aevatar-gagents/simples/SimpleAIWorkflow/SimpleAIWorkflow.Silo/SimpleAIWorkflow.Silo.csproj : warning NU1603: Aevatar.GAgents.AIGAgent depends on Aevatar.EventSourcing.Core (>= 1.5.0-alpha.6) but Aevatar.EventSourcing.Core 1.5.0-alpha.6 was not found. Aevatar.EventSourcing.Core 1.5.0-permission.1 was resolved instead.
/Users/tangchen/Project/github/aevatar-gagents/src/Aevatar.GAgents.AIGAgent/Aevatar.GAgents.AIGAgent.csproj : warning NU1603: Aevatar.GAgents.AIGAgent depends on Aevatar.EventSourcing.Core (>= 1.5.0-alpha.6) but Aevatar.EventSourcing.Core 1.5.0-alpha.6 was not found. Aevatar.EventSourcing.Core 1.5.0-permission.1 was resolved instead. [/Users/tangchen/Project/github/aevatar-gagents/simples/SimpleAIWorkflow/SimpleAIWorkflow.Silo/SimpleAIWorkflow.Silo.csproj]
/Users/tangchen/Project/github/aevatar-gagents/simples/SimpleAIWorkflow/SimpleAIWorkflow.Grains/SimpleAIWorkflow.Grains.csproj : warning NU1603: SimpleAIWorkflow.Grains depends on Aevatar.Core.Abstractions (>= 1.5.0-alpha.6) but Aevatar.Core.Abstractions 1.5.0-alpha.6 was not found. Aevatar.Core.Abstractions 1.5.0-permission.1 was resolved instead. [/Users/tangchen/Project/github/aevatar-gagents/simples/SimpleAIWorkflow/SimpleAIWorkflow.Silo/SimpleAIWorkflow.Silo.csproj]
/Users/tangchen/Project/github/aevatar-gagents/simples/SimpleAIWorkflow/SimpleAIWorkflow.Grains/SimpleAIWorkflow.Grains.csproj : warning NU1603: Aevatar.GAgents.AIGAgent depends on Aevatar.EventSourcing.Core (>= 1.5.0-alpha.6) but Aevatar.EventSourcing.Core 1.5.0-alpha.6 was not found. Aevatar.EventSourcing.Core 1.5.0-permission.1 was resolved instead. [/Users/tangchen/Project/github/aevatar-gagents/simples/SimpleAIWorkflow/SimpleAIWorkflow.Silo/SimpleAIWorkflow.Silo.csproj]
/Users/tangchen/Project/github/aevatar-gagents/src/Aevatar.GAgents.AI.Abstractions/Aevatar.GAgents.AI.Abstractions.csproj : warning NU1603: Aevatar.GAgents.AI.Abstractions depends on Aevatar.Core (>= 1.5.0-alpha.6) but Aevatar.Core 1.5.0-alpha.6 was not found. Aevatar.Core 1.5.0-permission.0 was resolved instead. [/Users/tangchen/Project/github/aevatar-gagents/simples/SimpleAIWorkflow/SimpleAIWorkflow.Silo/SimpleAIWorkflow.Silo.csproj]
/Users/tangchen/Project/github/aevatar-gagents/src/Aevatar.GAgents.AI.Abstractions/Aevatar.GAgents.AI.Abstractions.csproj : warning NU1603: Aevatar.Core 1.5.0-permission.0 depends on Aevatar.Core.Abstractions (>= 1.5.0-permission.0) but Aevatar.Core.Abstractions 1.5.0-permission.0 was not found. Aevatar.Core.Abstractions 1.5.0-permission.1 was resolved instead. [/Users/tangchen/Project/github/aevatar-gagents/simples/SimpleAIWorkflow/SimpleAIWorkflow.Silo/SimpleAIWorkflow.Silo.csproj]
/Users/tangchen/Project/github/aevatar-gagents/src/Aevatar.GAgents.SemanticKernel/Aevatar.GAgents.SemanticKernel.csproj : warning NU1603: Aevatar.Core 1.5.0-permission.0 depends on Aevatar.Core.Abstractions (>= 1.5.0-permission.0) but Aevatar.Core.Abstractions 1.5.0-permission.0 was not found. Aevatar.Core.Abstractions 1.5.0-permission.1 was resolved instead. [/Users/tangchen/Project/github/aevatar-gagents/simples/SimpleAIWorkflow/SimpleAIWorkflow.Silo/SimpleAIWorkflow.Silo.csproj]
/Users/tangchen/Project/github/aevatar-gagents/simples/SimpleAIWorkflow/SimpleAIWorkflow.Silo/SimpleAIWorkflow.Silo.csproj : warning NU1603: SimpleAIWorkflow.Silo depends on Aevatar.Core (>= 1.5.0-alpha.6) but Aevatar.Core 1.5.0-alpha.6 was not found. Aevatar.Core 1.5.0-permission.0 was resolved instead.
/Users/tangchen/Project/github/aevatar-gagents/simples/SimpleAIWorkflow/SimpleAIWorkflow.Silo/SimpleAIWorkflow.Silo.csproj : warning NU1603: SimpleAIWorkflow.Silo depends on Aevatar.Core.Abstractions (>= 1.5.0-alpha.6) but Aevatar.Core.Abstractions 1.5.0-alpha.6 was not found. Aevatar.Core.Abstractions 1.5.0-permission.1 was resolved instead.
/Users/tangchen/Project/github/aevatar-gagents/simples/SimpleAIWorkflow/SimpleAIWorkflow.Silo/SimpleAIWorkflow.Silo.csproj : warning NU1603: Aevatar.GAgents.AIGAgent depends on Aevatar.EventSourcing.Core (>= 1.5.0-alpha.6) but Aevatar.EventSourcing.Core 1.5.0-alpha.6 was not found. Aevatar.EventSourcing.Core 1.5.0-permission.1 was resolved instead.
/Users/tangchen/Project/github/aevatar-gagents/simples/SimpleAIWorkflow/SimpleAIWorkflow.Grains/SimpleAIWorkflow.Grains.csproj : warning NU1603: SimpleAIWorkflow.Grains depends on Aevatar.Core (>= 1.5.0-alpha.6) but Aevatar.Core 1.5.0-alpha.6 was not found. Aevatar.Core 1.5.0-permission.0 was resolved instead.
/Users/tangchen/Project/github/aevatar-gagents/simples/SimpleAIWorkflow/SimpleAIWorkflow.Grains/SimpleAIWorkflow.Grains.csproj : warning NU1603: SimpleAIWorkflow.Grains depends on Aevatar.Core.Abstractions (>= 1.5.0-alpha.6) but Aevatar.Core.Abstractions 1.5.0-alpha.6 was not found. Aevatar.Core.Abstractions 1.5.0-permission.1 was resolved instead.
/Users/tangchen/Project/github/aevatar-gagents/simples/SimpleAIWorkflow/SimpleAIWorkflow.Grains/SimpleAIWorkflow.Grains.csproj : warning NU1603: Aevatar.GAgents.AIGAgent depends on Aevatar.EventSourcing.Core (>= 1.5.0-alpha.6) but Aevatar.EventSourcing.Core 1.5.0-alpha.6 was not found. Aevatar.EventSourcing.Core 1.5.0-permission.1 was resolved instead.
/Users/tangchen/Project/github/aevatar-gagents/src/Aevatar.GAgents.AI.Abstractions/Aevatar.GAgents.AI.Abstractions.csproj : warning NU1603: Aevatar.GAgents.AI.Abstractions depends on Aevatar.Core (>= 1.5.0-alpha.6) but Aevatar.Core 1.5.0-alpha.6 was not found. Aevatar.Core 1.5.0-permission.0 was resolved instead.
/Users/tangchen/Project/github/aevatar-gagents/src/Aevatar.GAgents.AI.Abstractions/Aevatar.GAgents.AI.Abstractions.csproj : warning NU1603: Aevatar.Core 1.5.0-permission.0 depends on Aevatar.Core.Abstractions (>= 1.5.0-permission.0) but Aevatar.Core.Abstractions 1.5.0-permission.0 was not found. Aevatar.Core.Abstractions 1.5.0-permission.1 was resolved instead.
/Users/tangchen/Project/github/aevatar-gagents/src/Aevatar.GAgents.AIGAgent/Aevatar.GAgents.AIGAgent.csproj : warning NU1603: Aevatar.GAgents.AIGAgent depends on Aevatar.Core (>= 1.5.0-alpha.6) but Aevatar.Core 1.5.0-alpha.6 was not found. Aevatar.Core 1.5.0-permission.0 was resolved instead.
/Users/tangchen/Project/github/aevatar-gagents/src/Aevatar.GAgents.AIGAgent/Aevatar.GAgents.AIGAgent.csproj : warning NU1603: Aevatar.GAgents.AIGAgent depends on Aevatar.Core.Abstractions (>= 1.5.0-alpha.6) but Aevatar.Core.Abstractions 1.5.0-alpha.6 was not found. Aevatar.Core.Abstractions 1.5.0-permission.1 was resolved instead.
/Users/tangchen/Project/github/aevatar-gagents/src/Aevatar.GAgents.AIGAgent/Aevatar.GAgents.AIGAgent.csproj : warning NU1603: Aevatar.GAgents.AIGAgent depends on Aevatar.EventSourcing.Core (>= 1.5.0-alpha.6) but Aevatar.EventSourcing.Core 1.5.0-alpha.6 was not found. Aevatar.EventSourcing.Core 1.5.0-permission.1 was resolved instead.
/Users/tangchen/Project/github/aevatar-gagents/src/Aevatar.GAgents.SemanticKernel/Aevatar.GAgents.SemanticKernel.csproj : warning NU1603: Aevatar.GAgents.AI.Abstractions depends on Aevatar.Core (>= 1.5.0-alpha.6) but Aevatar.Core 1.5.0-alpha.6 was not found. Aevatar.Core 1.5.0-permission.0 was resolved instead.
/Users/tangchen/Project/github/aevatar-gagents/src/Aevatar.GAgents.SemanticKernel/Aevatar.GAgents.SemanticKernel.csproj : warning NU1603: Aevatar.Core 1.5.0-permission.0 depends on Aevatar.Core.Abstractions (>= 1.5.0-permission.0) but Aevatar.Core.Abstractions 1.5.0-permission.0 was not found. Aevatar.Core.Abstractions 1.5.0-permission.1 was resolved instead.
==== I'm HyperEcho, OrderProcessingGAgent Orleans Silo Starting ====
🚀 Starting Orleans Silo...
info: Orleans.Runtime.Silo[100404]
      Silo starting with GC settings: ServerGC=False GCLatencyMode=Interactive
warn: Orleans.Runtime.Silo[100405]
      Note: Silo not running with ServerGC turned on - recommend checking app config : <configuration>-<runtime>-<gcServer enabled="true">
warn: Orleans.Runtime.Silo[100405]
      Note: ServerGC only kicks in on multi-core systems (settings enabling ServerGC have no effect on single-core machines).
info: Orleans.Runtime.Silo[100403]
      -------------- Initializing silo on host 192.168.1.3 MachineName 192 at 127.0.0.1:21111, gen 109332293 --------------
info: Orleans.Runtime.Silo[100415]
      Starting silo OrderProcessingSilo
info: Orleans.Runtime.MembershipService.MembershipTableSystemTarget[100637]
      GrainBasedMembershipTable Activated.
info: Orleans.Runtime.Silo[100422]
      -------------- Started silo S127.0.0.1:21111:109332293, ConsistentHashCode C4A82C25 --------------
info: Orleans.Hosting.SiloHostedService[0]
      Starting Orleans Silo.
info: Orleans.Runtime.SiloOptionsLogger[0]
      Configuration Orleans.Configuration.ActivationCountBasedPlacementOptions: 
      ChooseOutOf: 2
      
info: Orleans.Runtime.SiloOptionsLogger[0]
      Configuration Orleans.Configuration.ClusterMembershipOptions: 
      NumMissedTableIAmAliveLimit: 2
      LivenessEnabled: True
      ProbeTimeout: 00:00:05
      TableRefreshTimeout: 00:01:00
      DeathVoteExpirationTimeout: 00:02:00
      IAmAliveTablePublishTimeout: 00:05:00
      MaxJoinAttemptTime: 00:05:00
      UseLivenessGossip: True
      NumProbedSilos: 3
      NumMissedProbesLimit: 3
      NumVotesForDeathDeclaration: 2
      DefunctSiloExpiration: 7.00:00:00
      DefunctSiloCleanupPeriod: 01:00:00
      LocalHealthDegradationMonitoringPeriod: 00:00:10
      ExtendProbeTimeoutDuringDegradation: True
      EnableIndirectProbes: True
      EvictWhenMaxJoinAttemptTimeExceeded: True
      
info: Orleans.Runtime.SiloOptionsLogger[0]
      Configuration Orleans.Configuration.ClusterOptions: 
      ClusterId: OrderProcessingCluster
      ServiceId: OrderProcessingService
      
info: Orleans.Runtime.SiloOptionsLogger[0]
      Configuration Orleans.Configuration.ConnectionOptions: 
      ProtocolVersion: Version1
      ConnectionsPerEndpoint: 1
      ConnectionRetryDelay: 00:00:01
      OpenConnectionTimeout: 00:00:05
      
info: Orleans.Runtime.SiloOptionsLogger[0]
      Configuration Orleans.Configuration.ConsistentRingOptions: 
      NumVirtualBucketsConsistentRing: 30
      UseVirtualBucketsConsistentRing: True
      
info: Orleans.Runtime.SiloOptionsLogger[0]
      Configuration Orleans.Configuration.DevelopmentClusterMembershipOptions: 
      PrimarySiloEndpoint: 127.0.0.1:21111
      
info: Orleans.Runtime.SiloOptionsLogger[0]
      Configuration Orleans.Configuration.EndpointOptions: 
      AdvertisedIPAddress: 127.0.0.1
      SiloPort: 21111
      GatewayPort: 40000
      SiloListeningEndpoint: 
      GatewayListeningEndpoint: 
      
info: Orleans.Runtime.SiloOptionsLogger[0]
      Configuration Orleans.Configuration.GrainCollectionOptions: 
      CollectionQuantum: 00:01:00
      CollectionAge: 00:15:00
      ActivationTimeout: 00:00:30
      DeactivationTimeout: 00:00:30
      
info: Orleans.Runtime.SiloOptionsLogger[0]
      Configuration Orleans.Configuration.GrainDirectoryOptions: 
      CachingStrategy: Adaptive
      CacheSize: 1000000
      InitialCacheTTL: 00:00:30
      MaximumCacheTTL: 00:04:00
      CacheTTLExtensionFactor: 2
      LazyDeregistrationDelay: 00:01:00
      
info: Orleans.Runtime.SiloOptionsLogger[0]
      Configuration Orleans.Configuration.GrainVersioningOptions: 
      DefaultCompatibilityStrategy: BackwardCompatible
      DefaultVersionSelectorStrategy: AllCompatibleVersions
      
info: Orleans.Runtime.SiloOptionsLogger[0]
      Configuration Orleans.Configuration.HashRingStreamQueueMapperOptions-Aevatar: 
      TotalQueueCount: 8
      
info: Orleans.Runtime.SiloOptionsLogger[0]
      Configuration Orleans.Configuration.LoadSheddingOptions: 
      LoadSheddingEnabled: False
      CpuThreshold: 95
      MemoryThreshold: 90
      
info: Orleans.Runtime.SiloOptionsLogger[0]
      Configuration Orleans.Configuration.MemoryGrainStorageOptions-Default: 
      NumStorageGrains: 10
      InitStage: 10000
      GrainStorageSerializer: Orleans.Storage.JsonGrainStorageSerializer
      
info: Orleans.Runtime.SiloOptionsLogger[0]
      Configuration Orleans.Configuration.MemoryGrainStorageOptions-PubSubStore: 
      NumStorageGrains: 10
      InitStage: 10000
      GrainStorageSerializer: Orleans.Storage.JsonGrainStorageSerializer
      
info: Orleans.Runtime.SiloOptionsLogger[0]
      Configuration Orleans.Configuration.ResourceOptimizedPlacementOptions: 
      CpuUsageWeight: 40
      MemoryUsageWeight: 20
      AvailableMemoryWeight: 20
      MaxAvailableMemoryWeight: 5
      ActivationCountWeight: 15
      LocalSiloPreferenceMargin: 5
      
info: Orleans.Runtime.SiloOptionsLogger[0]
      Configuration Orleans.Configuration.SchedulingOptions: 
      DelayWarningThreshold: 00:00:10
      ActivationSchedulingQuantum: 00:00:00.1000000
      TurnWarningLengthThreshold: 00:00:01
      MaxPendingWorkItemsSoftLimit: 0
      StoppedActivationWarningInterval: 00:01:00
      
info: Orleans.Runtime.SiloOptionsLogger[0]
      Configuration Orleans.Configuration.SiloMessagingOptions: 
      SiloSenderQueues: 0
      GatewaySenderQueues: 0
      MaxForwardCount: 2
      ClientDropTimeout: 00:01:00
      ClientRegistrationRefresh: 00:05:00
      ClientGatewayShutdownNotificationTimeout: 00:00:05
      MaxEnqueuedRequestsSoftLimit: 0
      MaxEnqueuedRequestsHardLimit: 0
      MaxEnqueuedRequestsSoftLimit_StatelessWorker: 0
      MaxEnqueuedRequestsHardLimit_StatelessWorker: 0
      MaxRequestProcessingTime: 02:00:00
      AssumeHomogenousSilosForTesting: False
      ShutdownRerouteTimeout: 00:00:10
      SystemResponseTimeout: 00:00:30
      GrainWorkloadAnalysisPeriod: 00:00:05
      RequestProcessingWarningTime: 00:00:05
      RequestQueueDelayWarningTime: 00:00:10
      WaitForMessageToBeQueuedForOutboundTime: 00:00:02
      ResponseTimeout: 00:00:30
      ResponseTimeoutWithDebugger: 00:30:00
      DropExpiredMessages: True
      MaxMessageHeaderSize: 10485760
      MaxMessageBodySize: 104857600
      
info: Orleans.Runtime.SiloOptionsLogger[0]
      Configuration Orleans.Configuration.SiloOptions: 
      SiloName: OrderProcessingSilo
      
info: Orleans.Runtime.SiloOptionsLogger[0]
      Configuration Orleans.Configuration.StreamCacheEvictionOptions-Aevatar: 
      DataMinTimeInCache: 00:05:00
      DataMaxAgeInCache: 00:30:00
      MetadataMinTimeInCache: 00:10:00
      
info: Orleans.Runtime.SiloOptionsLogger[0]
      Configuration Orleans.Configuration.StreamStatisticOptions-Aevatar: 
      StatisticMonitorWriteInterval: 00:05:00
      
info: Orleans.Runtime.Silo[100401]
      Silo Start()
info: Orleans.Runtime.Silo[100452]
      Init grain services took 1 milliseconds to finish
info: Orleans.Runtime.MembershipService.MembershipTableManager[100603]
      MembershipOracle starting on host 192.168.1.3 with SiloAddress S127.0.0.1:21111:109332293 at 2025-06-19 10:04:53.605 GMT
info: Orleans.Runtime.MembershipService.SystemTargetBasedMembershipTable[100635]
      Creating in-memory membership table
info: Orleans.Runtime.MembershipService.MembershipTableSystemTarget[100637]
      GrainBasedMembershipTable Activated.
info: Orleans.Runtime.MembershipService.SystemTargetBasedMembershipTable[100631]
      Connected to membership table provider.
info: Orleans.Runtime.MembershipService.MembershipAgent[100663]
      Joining
info: Orleans.Runtime.MembershipService.MembershipAgent[100604]
      -BecomeActive
info: Orleans.Runtime.MembershipService.MembershipAgent[100605]
      -Finished BecomeActive.
info: Orleans.Runtime.Providers.SiloProviderRuntime[0]
      Successfully created queue balancer of type Orleans.Streams.ConsistentRingQueueBalancer for stream provider Aevatar
info: Orleans.Streams.PersistentStreamPullingManager.Aevatar[103501]
      Created PersistentStreamPullingManager for Stream Provider Aevatar.
info: Orleans.Streams.PersistentStreamPullingManager.Aevatar[103502]
      Init.
info: Orleans.Streams.PersistentStreamPullingManager.Aevatar[103503]
      Initialize: I am now responsible for 8 queues: [aevatar-0, aevatar-1, aevatar-2, aevatar-3, aevatar-4, aevatar-5, aevatar-6, aevatar-7].
info: Orleans.Streams.PersistentStreamPullingManager.Aevatar[103517]
      Starting agents for 8 queues: [aevatar-0, aevatar-1, aevatar-2, aevatar-3, aevatar-4, aevatar-5, aevatar-6, aevatar-7]
info: Orleans.Streams.Aevatar[103301]
      Created PersistentStreamPullingAgent sys.svc.stream.agent/127.0.0.1:21111@109332293+Aevatar_1_aevatar-0-0x00000000 for Stream Provider Aevatar on silo S127.0.0.1:21111:109332293 for Queue aevatar-0-0x00000000.
info: Orleans.Streams.Aevatar[103301]
      Created PersistentStreamPullingAgent sys.svc.stream.agent/127.0.0.1:21111@109332293+Aevatar_2_aevatar-1-0x20000001 for Stream Provider Aevatar on silo S127.0.0.1:21111:109332293 for Queue aevatar-1-0x20000001.
info: Orleans.Streams.Aevatar[103301]
      Created PersistentStreamPullingAgent sys.svc.stream.agent/127.0.0.1:21111@109332293+Aevatar_3_aevatar-2-0x40000002 for Stream Provider Aevatar on silo S127.0.0.1:21111:109332293 for Queue aevatar-2-0x40000002.
info: Orleans.Streams.Aevatar[103301]
      Created PersistentStreamPullingAgent sys.svc.stream.agent/127.0.0.1:21111@109332293+Aevatar_4_aevatar-3-0x60000003 for Stream Provider Aevatar on silo S127.0.0.1:21111:109332293 for Queue aevatar-3-0x60000003.
info: Orleans.Streams.Aevatar[103301]
      Created PersistentStreamPullingAgent sys.svc.stream.agent/127.0.0.1:21111@109332293+Aevatar_5_aevatar-4-0x80000004 for Stream Provider Aevatar on silo S127.0.0.1:21111:109332293 for Queue aevatar-4-0x80000004.
info: Orleans.Streams.Aevatar[103301]
      Created PersistentStreamPullingAgent sys.svc.stream.agent/127.0.0.1:21111@109332293+Aevatar_6_aevatar-5-0xA0000005 for Stream Provider Aevatar on silo S127.0.0.1:21111:109332293 for Queue aevatar-5-0xA0000005.
info: Orleans.Streams.Aevatar[103301]
      Created PersistentStreamPullingAgent sys.svc.stream.agent/127.0.0.1:21111@109332293+Aevatar_7_aevatar-6-0xC0000006 for Stream Provider Aevatar on silo S127.0.0.1:21111:109332293 for Queue aevatar-6-0xC0000006.
info: Orleans.Streams.Aevatar[103301]
      Created PersistentStreamPullingAgent sys.svc.stream.agent/127.0.0.1:21111@109332293+Aevatar_8_aevatar-7-0xE0000007 for Stream Provider Aevatar on silo S127.0.0.1:21111:109332293 for Queue aevatar-7-0xE0000007.
info: Orleans.Streams.Aevatar[103302]
      Init of PersistentStreamPullingAgent sys.svc.stream.agent/127.0.0.1:21111@109332293+Aevatar_1_aevatar-0-0x00000000 on silo S127.0.0.1:21111:109332293 for queue aevatar-0-0x00000000.
info: Orleans.Streams.Aevatar[103302]
      Init of PersistentStreamPullingAgent sys.svc.stream.agent/127.0.0.1:21111@109332293+Aevatar_2_aevatar-1-0x20000001 on silo S127.0.0.1:21111:109332293 for queue aevatar-1-0x20000001.
info: Orleans.Streams.Aevatar[103302]
      Init of PersistentStreamPullingAgent sys.svc.stream.agent/127.0.0.1:21111@109332293+Aevatar_3_aevatar-2-0x40000002 on silo S127.0.0.1:21111:109332293 for queue aevatar-2-0x40000002.
info: Orleans.Streams.Aevatar[103302]
      Init of PersistentStreamPullingAgent sys.svc.stream.agent/127.0.0.1:21111@109332293+Aevatar_6_aevatar-5-0xA0000005 on silo S127.0.0.1:21111:109332293 for queue aevatar-5-0xA0000005.
info: Orleans.Streams.Aevatar[103302]
      Init of PersistentStreamPullingAgent sys.svc.stream.agent/127.0.0.1:21111@109332293+Aevatar_5_aevatar-4-0x80000004 on silo S127.0.0.1:21111:109332293 for queue aevatar-4-0x80000004.
info: Orleans.Streams.Aevatar[103302]
      Init of PersistentStreamPullingAgent sys.svc.stream.agent/127.0.0.1:21111@109332293+Aevatar_4_aevatar-3-0x60000003 on silo S127.0.0.1:21111:109332293 for queue aevatar-3-0x60000003.
info: Orleans.Streams.Aevatar[103302]
      Init of PersistentStreamPullingAgent sys.svc.stream.agent/127.0.0.1:21111@109332293+Aevatar_7_aevatar-6-0xC0000006 on silo S127.0.0.1:21111:109332293 for queue aevatar-6-0xC0000006.
info: Orleans.Streams.Aevatar[103302]
      Init of PersistentStreamPullingAgent sys.svc.stream.agent/127.0.0.1:21111@109332293+Aevatar_8_aevatar-7-0xE0000007 on silo S127.0.0.1:21111:109332293 for queue aevatar-7-0xE0000007.
info: Orleans.Streams.Aevatar[103304]
      Taking queue aevatar-3-0x60000003 under my responsibility.
info: Orleans.Streams.Aevatar[103304]
      Taking queue aevatar-1-0x20000001 under my responsibility.
info: Orleans.Streams.Aevatar[103304]
      Taking queue aevatar-0-0x00000000 under my responsibility.
info: Orleans.Streams.Aevatar[103304]
      Taking queue aevatar-4-0x80000004 under my responsibility.
info: Orleans.Streams.Aevatar[103304]
      Taking queue aevatar-6-0xC0000006 under my responsibility.
info: Orleans.Streams.Aevatar[103304]
      Taking queue aevatar-5-0xA0000005 under my responsibility.
info: Orleans.Streams.Aevatar[103304]
      Taking queue aevatar-2-0x40000002 under my responsibility.
info: Orleans.Streams.Aevatar[103304]
      Taking queue aevatar-7-0xE0000007 under my responsibility.
info: Orleans.Streams.PersistentStreamPullingManager.Aevatar[103508]
      Added 8 new queues: [aevatar-0, aevatar-1, aevatar-2, aevatar-3, aevatar-4, aevatar-5, aevatar-6, aevatar-7]. Now own total of 8 queues: [aevatar-0, aevatar-1, aevatar-2, aevatar-3, aevatar-4, aevatar-5, aevatar-6, aevatar-7]
info: Orleans.Streams.PersistentStreamPullingManager.Aevatar[103519]
      Started agents.
info: Orleans.Hosting.SiloHostedService[0]
      Orleans Silo started.
info: Microsoft.Hosting.Lifetime[0]
      Application started. Press Ctrl+C to shut down.
info: Microsoft.Hosting.Lifetime[0]
      Hosting environment: Production
info: Microsoft.Hosting.Lifetime[0]
      Content root path: /Users/tangchen/Project/github/aevatar-gagents
✅ Orleans Silo Started Successfully!
🤖 AI-Powered GAgent Types:
   • ICreateOrderGAgent - 🧠 AI Order Analysis Agent (智能订单分析师)
     - AI Risk Assessment & Detection
     - Intelligent Order Pattern Analysis
     - Smart Decision Consultation
   • IWorkflowCoordinatorGAgent - 🤖 AI Workflow Coordinator (智能协调员)
     - Dynamic AI Decision Making
     - Intelligent Process Routing
     - Agent-to-Agent AI Conversation

🧠 AI Intelligence Features:
   • Real-time risk analysis and scoring
   • Agent-to-agent intelligent conversation
   • Dynamic workflow decision making
   • Smart process optimization
   • Consensus-based decision validation

🏗️  Architecture Features:
   • Event-driven AI Agent communication
   • Intelligent business decision making
   • Complete AI-powered order processing
   • Orleans distributed computing

🌐 Cluster Information:
   • Cluster ID: OrderProcessingCluster
   • Service ID: OrderProcessingService
   • Silo Name: OrderProcessingSilo
   • Silo Port: 21111
   • Gateway Port: 40000

⏹️  Press Ctrl+C to shutdown the server
info: Orleans.Streams.PersistentStreamPullingManager.Aevatar[103523]
      I am responsible for a total of 8 queues on stream provider Aevatar: [aevatar-0, aevatar-1, aevatar-2, aevatar-3, aevatar-4, aevatar-5, aevatar-6, aevatar-7].
info: Orleans.Streams.PersistentStreamPullingManager.Aevatar[103523]
      I am responsible for a total of 8 queues on stream provider Aevatar: [aevatar-0, aevatar-1, aevatar-2, aevatar-3, aevatar-4, aevatar-5, aevatar-6, aevatar-7].
info: Orleans.Streams.PersistentStreamPullingManager.Aevatar[103523]
      I am responsible for a total of 8 queues on stream provider Aevatar: [aevatar-0, aevatar-1, aevatar-2, aevatar-3, aevatar-4, aevatar-5, aevatar-6, aevatar-7].
info: Orleans.Streams.PersistentStreamPullingManager.Aevatar[103523]
      I am responsible for a total of 8 queues on stream provider Aevatar: [aevatar-0, aevatar-1, aevatar-2, aevatar-3, aevatar-4, aevatar-5, aevatar-6, aevatar-7].
info: Orleans.Streams.PersistentStreamPullingManager.Aevatar[103523]
      I am responsible for a total of 8 queues on stream provider Aevatar: [aevatar-0, aevatar-1, aevatar-2, aevatar-3, aevatar-4, aevatar-5, aevatar-6, aevatar-7].
info: Orleans.Streams.PersistentStreamPullingManager.Aevatar[103523]
      I am responsible for a total of 8 queues on stream provider Aevatar: [aevatar-0, aevatar-1, aevatar-2, aevatar-3, aevatar-4, aevatar-5, aevatar-6, aevatar-7].
info: Orleans.Streams.PersistentStreamPullingManager.Aevatar[103523]
      I am responsible for a total of 8 queues on stream provider Aevatar: [aevatar-0, aevatar-1, aevatar-2, aevatar-3, aevatar-4, aevatar-5, aevatar-6, aevatar-7].
info: Orleans.Streams.PersistentStreamPullingManager.Aevatar[103523]
      I am responsible for a total of 8 queues on stream provider Aevatar: [aevatar-0, aevatar-1, aevatar-2, aevatar-3, aevatar-4, aevatar-5, aevatar-6, aevatar-7].
info: Orleans.Streams.PersistentStreamPullingManager.Aevatar[103523]
      I am responsible for a total of 8 queues on stream provider Aevatar: [aevatar-0, aevatar-1, aevatar-2, aevatar-3, aevatar-4, aevatar-5, aevatar-6, aevatar-7].
info: Orleans.Streams.PersistentStreamPullingManager.Aevatar[103523]
      I am responsible for a total of 8 queues on stream provider Aevatar: [aevatar-0, aevatar-1, aevatar-2, aevatar-3, aevatar-4, aevatar-5, aevatar-6, aevatar-7].
info: Orleans.Streams.PersistentStreamPullingManager.Aevatar[103523]
      I am responsible for a total of 8 queues on stream provider Aevatar: [aevatar-0, aevatar-1, aevatar-2, aevatar-3, aevatar-4, aevatar-5, aevatar-6, aevatar-7].
info: Orleans.Streams.PersistentStreamPullingManager.Aevatar[103523]
      I am responsible for a total of 8 queues on stream provider Aevatar: [aevatar-0, aevatar-1, aevatar-2, aevatar-3, aevatar-4, aevatar-5, aevatar-6, aevatar-7].
info: Orleans.Streams.PersistentStreamPullingManager.Aevatar[103523]
      I am responsible for a total of 8 queues on stream provider Aevatar: [aevatar-0, aevatar-1, aevatar-2, aevatar-3, aevatar-4, aevatar-5, aevatar-6, aevatar-7].
info: Orleans.Streams.PersistentStreamPullingManager.Aevatar[103523]
      I am responsible for a total of 8 queues on stream provider Aevatar: [aevatar-0, aevatar-1, aevatar-2, aevatar-3, aevatar-4, aevatar-5, aevatar-6, aevatar-7].
info: Orleans.Streams.PersistentStreamPullingManager.Aevatar[103523]
      I am responsible for a total of 8 queues on stream provider Aevatar: [aevatar-0, aevatar-1, aevatar-2, aevatar-3, aevatar-4, aevatar-5, aevatar-6, aevatar-7].
info: Orleans.Streams.PersistentStreamPullingManager.Aevatar[103523]
      I am responsible for a total of 8 queues on stream provider Aevatar: [aevatar-0, aevatar-1, aevatar-2, aevatar-3, aevatar-4, aevatar-5, aevatar-6, aevatar-7].
info: Orleans.Streams.PersistentStreamPullingManager.Aevatar[103523]
      I am responsible for a total of 8 queues on stream provider Aevatar: [aevatar-0, aevatar-1, aevatar-2, aevatar-3, aevatar-4, aevatar-5, aevatar-6, aevatar-7].
info: Orleans.Streams.PersistentStreamPullingManager.Aevatar[103523]
      I am responsible for a total of 8 queues on stream provider Aevatar: [aevatar-0, aevatar-1, aevatar-2, aevatar-3, aevatar-4, aevatar-5, aevatar-6, aevatar-7].
info: Orleans.Streams.PersistentStreamPullingManager.Aevatar[103523]
      I am responsible for a total of 8 queues on stream provider Aevatar: [aevatar-0, aevatar-1, aevatar-2, aevatar-3, aevatar-4, aevatar-5, aevatar-6, aevatar-7].
info: Orleans.Streams.PersistentStreamPullingManager.Aevatar[103523]
      I am responsible for a total of 8 queues on stream provider Aevatar: [aevatar-0, aevatar-1, aevatar-2, aevatar-3, aevatar-4, aevatar-5, aevatar-6, aevatar-7].
info: Orleans.Streams.PersistentStreamPullingManager.Aevatar[103523]
      I am responsible for a total of 8 queues on stream provider Aevatar: [aevatar-0, aevatar-1, aevatar-2, aevatar-3, aevatar-4, aevatar-5, aevatar-6, aevatar-7].
info: Orleans.Streams.PersistentStreamPullingManager.Aevatar[103523]
      I am responsible for a total of 8 queues on stream provider Aevatar: [aevatar-0, aevatar-1, aevatar-2, aevatar-3, aevatar-4, aevatar-5, aevatar-6, aevatar-7].
info: Orleans.Streams.PersistentStreamPullingManager.Aevatar[103523]
      I am responsible for a total of 8 queues on stream provider Aevatar: [aevatar-0, aevatar-1, aevatar-2, aevatar-3, aevatar-4, aevatar-5, aevatar-6, aevatar-7].
info: Orleans.Streams.PersistentStreamPullingManager.Aevatar[103523]
      I am responsible for a total of 8 queues on stream provider Aevatar: [aevatar-0, aevatar-1, aevatar-2, aevatar-3, aevatar-4, aevatar-5, aevatar-6, aevatar-7].
info: Orleans.Streams.PersistentStreamPullingManager.Aevatar[103523]
      I am responsible for a total of 8 queues on stream provider Aevatar: [aevatar-0, aevatar-1, aevatar-2, aevatar-3, aevatar-4, aevatar-5, aevatar-6, aevatar-7].
info: Orleans.Streams.PersistentStreamPullingManager.Aevatar[103523]
      I am responsible for a total of 8 queues on stream provider Aevatar: [aevatar-0, aevatar-1, aevatar-2, aevatar-3, aevatar-4, aevatar-5, aevatar-6, aevatar-7].
info: Orleans.Streams.PersistentStreamPullingManager.Aevatar[103523]
      I am responsible for a total of 8 queues on stream provider Aevatar: [aevatar-0, aevatar-1, aevatar-2, aevatar-3, aevatar-4, aevatar-5, aevatar-6, aevatar-7].
info: Orleans.Streams.PersistentStreamPullingManager.Aevatar[103523]
      I am responsible for a total of 8 queues on stream provider Aevatar: [aevatar-0, aevatar-1, aevatar-2, aevatar-3, aevatar-4, aevatar-5, aevatar-6, aevatar-7].
info: Orleans.Streams.PersistentStreamPullingManager.Aevatar[103523]
      I am responsible for a total of 8 queues on stream provider Aevatar: [aevatar-0, aevatar-1, aevatar-2, aevatar-3, aevatar-4, aevatar-5, aevatar-6, aevatar-7].
info: Orleans.Streams.PersistentStreamPullingManager.Aevatar[103523]
      I am responsible for a total of 8 queues on stream provider Aevatar: [aevatar-0, aevatar-1, aevatar-2, aevatar-3, aevatar-4, aevatar-5, aevatar-6, aevatar-7].
info: Orleans.Streams.PersistentStreamPullingManager.Aevatar[103523]
      I am responsible for a total of 8 queues on stream provider Aevatar: [aevatar-0, aevatar-1, aevatar-2, aevatar-3, aevatar-4, aevatar-5, aevatar-6, aevatar-7].
info: Orleans.Streams.PersistentStreamPullingManager.Aevatar[103523]
      I am responsible for a total of 8 queues on stream provider Aevatar: [aevatar-0, aevatar-1, aevatar-2, aevatar-3, aevatar-4, aevatar-5, aevatar-6, aevatar-7].
info: Orleans.Streams.PersistentStreamPullingManager.Aevatar[103523]
      I am responsible for a total of 8 queues on stream provider Aevatar: [aevatar-0, aevatar-1, aevatar-2, aevatar-3, aevatar-4, aevatar-5, aevatar-6, aevatar-7].
info: Orleans.Streams.PersistentStreamPullingManager.Aevatar[103523]
      I am responsible for a total of 8 queues on stream provider Aevatar: [aevatar-0, aevatar-1, aevatar-2, aevatar-3, aevatar-4, aevatar-5, aevatar-6, aevatar-7].
info: Orleans.Streams.PersistentStreamPullingManager.Aevatar[103523]
      I am responsible for a total of 8 queues on stream provider Aevatar: [aevatar-0, aevatar-1, aevatar-2, aevatar-3, aevatar-4, aevatar-5, aevatar-6, aevatar-7].
info: Orleans.Streams.PersistentStreamPullingManager.Aevatar[103523]
      I am responsible for a total of 8 queues on stream provider Aevatar: [aevatar-0, aevatar-1, aevatar-2, aevatar-3, aevatar-4, aevatar-5, aevatar-6, aevatar-7].
info: Orleans.Streams.PersistentStreamPullingManager.Aevatar[103523]
      I am responsible for a total of 8 queues on stream provider Aevatar: [aevatar-0, aevatar-1, aevatar-2, aevatar-3, aevatar-4, aevatar-5, aevatar-6, aevatar-7].
info: Orleans.Streams.PersistentStreamPullingManager.Aevatar[103523]
      I am responsible for a total of 8 queues on stream provider Aevatar: [aevatar-0, aevatar-1, aevatar-2, aevatar-3, aevatar-4, aevatar-5, aevatar-6, aevatar-7].
info: Orleans.Streams.PersistentStreamPullingManager.Aevatar[103523]
      I am responsible for a total of 8 queues on stream provider Aevatar: [aevatar-0, aevatar-1, aevatar-2, aevatar-3, aevatar-4, aevatar-5, aevatar-6, aevatar-7].
info: Orleans.Streams.PersistentStreamPullingManager.Aevatar[103523]
      I am responsible for a total of 8 queues on stream provider Aevatar: [aevatar-0, aevatar-1, aevatar-2, aevatar-3, aevatar-4, aevatar-5, aevatar-6, aevatar-7].
info: Orleans.Streams.PersistentStreamPullingManager.Aevatar[103523]
      I am responsible for a total of 8 queues on stream provider Aevatar: [aevatar-0, aevatar-1, aevatar-2, aevatar-3, aevatar-4, aevatar-5, aevatar-6, aevatar-7].
info: Orleans.Streams.PersistentStreamPullingManager.Aevatar[103523]
      I am responsible for a total of 8 queues on stream provider Aevatar: [aevatar-0, aevatar-1, aevatar-2, aevatar-3, aevatar-4, aevatar-5, aevatar-6, aevatar-7].
info: Orleans.Streams.PersistentStreamPullingManager.Aevatar[103523]
      I am responsible for a total of 8 queues on stream provider Aevatar: [aevatar-0, aevatar-1, aevatar-2, aevatar-3, aevatar-4, aevatar-5, aevatar-6, aevatar-7].
